<?xml version="1.0" encoding="utf-8"?>
<TestRun id="49d67ad5-34d4-4853-8f95-ea67565d02fd" name="Admin@ALVAGONZ 2026-06-25 09:13:39" runUser="ALVAGONZ\Admin" xmlns="http://microsoft.com/schemas/VisualStudio/TeamTest/2010">
  <Times creation="2026-06-25T09:13:39.9105979-04:00" queuing="2026-06-25T09:13:39.9105985-04:00" start="2026-06-25T09:13:36.0822338-04:00" finish="2026-06-25T09:13:41.9166018-04:00" />
  <TestSettings name="default" id="1fb500c5-d0ed-4672-ac11-3423c7086d42">
    <Deployment runDeploymentRoot="Admin_ALVAGONZ_2026-06-25_09_13_39" />
  </TestSettings>
  <Results>
    <UnitTestResult executionId="c0dd1f3b-399e-47f2-b5ff-2bbc1040bdc5" testId="3dbf0911-bb1c-684c-f297-8a1080bd1b71" testName="Api.Tests.GetDocumentDiagnosisQueryHandlerTests.HandleAsync_ProjectNotFound_ThrowsKeyNotFoundException" computerName="ALVAGONZ" duration="00:00:00.0014947" startTime="2026-06-25T09:13:39.8810649-04:00" endTime="2026-06-25T09:13:39.8810651-04:00" testType="13cdc9d9-ddb5-4fa4-a97d-d965ccfc6d4b" outcome="Passed" testListId="8c84fa94-04c1-424b-9868-57a2d4851a1d" relativeResultsDirectory="c0dd1f3b-399e-47f2-b5ff-2bbc1040bdc5" />
    <UnitTestResult executionId="9669f6d5-fb30-4855-9006-d075617248fe" testId="9983a587-9771-0fbd-a017-1bbb600dfa5c" testName="Api.Tests.UnitTest1.Test1" computerName="ALVAGONZ" duration="00:00:00.0026602" startTime="2026-06-25T09:13:38.9592661-04:00" endTime="2026-06-25T09:13:38.9592922-04:00" testType="13cdc9d9-ddb5-4fa4-a97d-d965ccfc6d4b" outcome="Passed" testListId="8c84fa94-04c1-424b-9868-57a2d4851a1d" relativeResultsDirectory="9669f6d5-fb30-4855-9006-d075617248fe" />
    <UnitTestResult executionId="b60b403b-63b6-425c-9a9c-e1acd44fe41c" testId="f94b12e1-cee5-36f3-81e3-df0658a53dcc" testName="Api.Tests.SwaggerTests.Get_SwaggerIndex_ReturnsSuccessStatusCode" computerName="ALVAGONZ" duration="00:00:02.8777717" startTime="2026-06-25T09:13:41.8274970-04:00" endTime="2026-06-25T09:13:41.8274973-04:00" testType="13cdc9d9-ddb5-4fa4-a97d-d965ccfc6d4b" outcome="Failed" testListId="8c84fa94-04c1-424b-9868-57a2d4851a1d" relativeResultsDirectory="b60b403b-63b6-425c-9a9c-e1acd44fe41c">
      <Output>
        <ErrorInfo>
          <Message>Microsoft.Data.SqlClient.SqlException : There is already an object named 'Notificaciones' in the database.</Message>
          <StackTrace>   at Microsoft.Data.SqlClient.SqlConnection.OnError(SqlException exception, Boolean breakConnection, Action`1 wrapCloseInAction)&#xD;
   at Microsoft.Data.SqlClient.SqlInternalConnection.OnError(SqlException exception, Boolean breakConnection, Action`1 wrapCloseInAction)&#xD;
   at Microsoft.Data.SqlClient.TdsParser.ThrowExceptionAndWarning(TdsParserStateObject stateObj, Boolean callerHasConnectionLock, Boolean asyncClose)&#xD;
   at Microsoft.Data.SqlClient.TdsParser.TryRun(RunBehavior runBehavior, SqlCommand cmdHandler, SqlDataReader dataStream, BulkCopySimpleResultSet bulkCopyHandler, TdsParserStateObject stateObj, Boolean&amp; dataReady)&#xD;
   at Microsoft.Data.SqlClient.SqlCommand.InternalEndExecuteNonQuery(IAsyncResult asyncResult, Boolean isInternal, String endMethod)&#xD;
   at Microsoft.Data.SqlClient.SqlCommand.EndExecuteNonQueryInternal(IAsyncResult asyncResult)&#xD;
   at Microsoft.Data.SqlClient.SqlCommand.EndExecuteNonQueryAsync(IAsyncResult asyncResult)&#xD;
   at Microsoft.Data.SqlClient.SqlCommand.&lt;&gt;c.&lt;InternalExecuteNonQueryAsync&gt;b__210_1(IAsyncResult result)&#xD;
   at System.Threading.Tasks.TaskFactory`1.FromAsyncCoreLogic(IAsyncResult iar, Func`2 endFunction, Action`1 endAction, Task`1 promise, Boolean requiresSynchronization)&#xD;
--- End of stack trace from previous location ---&#xD;
   at Microsoft.EntityFrameworkCore.Storage.RelationalCommand.ExecuteNonQueryAsync(RelationalCommandParameterObject parameterObject, CancellationToken cancellationToken)&#xD;
   at Microsoft.EntityFrameworkCore.Storage.RelationalCommand.ExecuteNonQueryAsync(RelationalCommandParameterObject parameterObject, CancellationToken cancellationToken)&#xD;
   at Microsoft.EntityFrameworkCore.Storage.RelationalCommand.ExecuteNonQueryAsync(RelationalCommandParameterObject parameterObject, CancellationToken cancellationToken)&#xD;
   at Microsoft.EntityFrameworkCore.Migrations.Internal.MigrationCommandExecutor.ExecuteNonQueryAsync(IEnumerable`1 migrationCommands, IRelationalConnection connection, CancellationToken cancellationToken)&#xD;
   at Microsoft.EntityFrameworkCore.Migrations.Internal.MigrationCommandExecutor.ExecuteNonQueryAsync(IEnumerable`1 migrationCommands, IRelationalConnection connection, CancellationToken cancellationToken)&#xD;
   at Microsoft.EntityFrameworkCore.Migrations.Internal.MigrationCommandExecutor.ExecuteNonQueryAsync(IEnumerable`1 migrationCommands, IRelationalConnection connection, CancellationToken cancellationToken)&#xD;
   at Microsoft.EntityFrameworkCore.Migrations.Internal.MigrationCommandExecutor.ExecuteNonQueryAsync(IEnumerable`1 migrationCommands, IRelationalConnection connection, CancellationToken cancellationToken)&#xD;
   at Microsoft.EntityFrameworkCore.Migrations.Internal.Migrator.MigrateAsync(String targetMigration, CancellationToken cancellationToken)&#xD;
   at Program.&lt;Main&gt;$(String[] args) in C:\Users\Admin\Desktop\Anteproyecto-Verify\src\backend\Api\Program.cs:line 54&#xD;
   at Program.&lt;Main&gt;(String[] args)&#xD;
   at System.RuntimeMethodHandle.InvokeMethod(Object target, Void** arguments, Signature sig, Boolean isConstructor)&#xD;
   at System.Reflection.MethodBaseInvoker.InvokeDirectByRefWithFewArgs(Object obj, Span`1 copyOfArgs, BindingFlags invokeAttr)&#xD;
--- End of stack trace from previous location ---&#xD;
   at Microsoft.AspNetCore.Mvc.Testing.DeferredHostBuilder.DeferredHost.StartAsync(CancellationToken cancellationToken)&#xD;
   at Microsoft.Extensions.Hosting.HostingAbstractionsHostExtensions.Start(IHost host)&#xD;
   at Microsoft.AspNetCore.Mvc.Testing.WebApplicationFactory`1.CreateHost(IHostBuilder builder)&#xD;
   at Microsoft.AspNetCore.Mvc.Testing.WebApplicationFactory`1.ConfigureHostBuilder(IHostBuilder hostBuilder)&#xD;
   at Microsoft.AspNetCore.Mvc.Testing.WebApplicationFactory`1.EnsureServer()&#xD;
   at Microsoft.AspNetCore.Mvc.Testing.WebApplicationFactory`1.CreateDefaultClient(DelegatingHandler[] handlers)&#xD;
   at Microsoft.AspNetCore.Mvc.Testing.WebApplicationFactory`1.CreateDefaultClient(Uri baseAddress, DelegatingHandler[] handlers)&#xD;
   at Microsoft.AspNetCore.Mvc.Testing.WebApplicationFactory`1.CreateClient(WebApplicationFactoryClientOptions options)&#xD;
   at Microsoft.AspNetCore.Mvc.Testing.WebApplicationFactory`1.CreateClient()&#xD;
   at Api.Tests.SwaggerTests.Get_SwaggerIndex_ReturnsSuccessStatusCode() in C:\Users\Admin\Desktop\Anteproyecto-Verify\src\backend\Api.Tests\SwaggerTests.cs:line 20&#xD;
--- End of stack trace from previous location ---</StackTrace>
        </ErrorInfo>
      </Output>
    </UnitTestResult>
    <UnitTestResult executionId="55a0fc11-62c5-4030-a7b5-d873a1fd8138" testId="39116a4a-dcfa-62b0-77c9-919eab681596" testName="Api.Tests.ResendEmailServiceTests.SendDocumentStatusUpdateAsync_Rejected_UsesCorrectTemplate" computerName="ALVAGONZ" duration="00:00:00.0049642" startTime="2026-06-25T09:13:39.8974584-04:00" endTime="2026-06-25T09:13:39.8974590-04:00" testType="13cdc9d9-ddb5-4fa4-a97d-d965ccfc6d4b" outcome="Failed" testListId="8c84fa94-04c1-424b-9868-57a2d4851a1d" relativeResultsDirectory="55a0fc11-62c5-4030-a7b5-d873a1fd8138">
      <Output>
        <ErrorInfo>
          <Message>Assert.Contains() Failure: Sub-string not found&#xD;
String:    "&lt;!DOCTYPE html&gt;\r\n&lt;html lang="es" xmlns="h"···&#xD;
Not found: "badge-rejected"</Message>
          <StackTrace>   at Api.Tests.ResendEmailServiceTests.SendDocumentStatusUpdateAsync_Rejected_UsesCorrectTemplate() in C:\Users\Admin\Desktop\Anteproyecto-Verify\src\backend\Api.Tests\ResendEmailServiceTests.cs:line 172&#xD;
--- End of stack trace from previous location ---</StackTrace>
        </ErrorInfo>
      </Output>
    </UnitTestResult>
    <UnitTestResult executionId="adef24c4-ea73-4b2e-bfb3-78139d79d678" testId="afdb3f1a-4623-7490-795d-e6837e60c3b8" testName="Api.Tests.GetDocumentDiagnosisQueryHandlerTests.HandleAsync_AiServiceThrows_ReturnsFallbackResult" computerName="ALVAGONZ" duration="00:00:00.0080012" startTime="2026-06-25T09:13:39.8794436-04:00" endTime="2026-06-25T09:13:39.8794442-04:00" testType="13cdc9d9-ddb5-4fa4-a97d-d965ccfc6d4b" outcome="Passed" testListId="8c84fa94-04c1-424b-9868-57a2d4851a1d" relativeResultsDirectory="adef24c4-ea73-4b2e-bfb3-78139d79d678" />
    <UnitTestResult executionId="ba4e93e5-fe8f-490e-942e-082c92a0d878" testId="c0500782-0e63-83fc-9487-18b8746c1627" testName="Api.Tests.GetDocumentDiagnosisQueryHandlerTests.HandleAsync_ValidationError_ThrowsValidationException" computerName="ALVAGONZ" duration="00:00:00.0022042" startTime="2026-06-25T09:13:39.8987875-04:00" endTime="2026-06-25T09:13:39.8987876-04:00" testType="13cdc9d9-ddb5-4fa4-a97d-d965ccfc6d4b" outcome="Passed" testListId="8c84fa94-04c1-424b-9868-57a2d4851a1d" relativeResultsDirectory="ba4e93e5-fe8f-490e-942e-082c92a0d878" />
    <UnitTestResult executionId="54ea23f6-6899-458e-8937-804d7fc4ce7d" testId="62532f84-b3c3-01cc-4382-d22055358b75" testName="Api.Tests.ResendEmailServiceTests.SendAccountVerificationAsync_UsesCorrectTemplate" computerName="ALVAGONZ" duration="00:00:00.9230108" startTime="2026-06-25T09:13:39.8607165-04:00" endTime="2026-06-25T09:13:39.8607168-04:00" testType="13cdc9d9-ddb5-4fa4-a97d-d965ccfc6d4b" outcome="Passed" testListId="8c84fa94-04c1-424b-9868-57a2d4851a1d" relativeResultsDirectory="54ea23f6-6899-458e-8937-804d7fc4ce7d" />
    <UnitTestResult executionId="32a2fbcb-6625-43a1-92e6-16defdf37ecb" testId="d613d3e3-a00c-805d-8fe8-9f741d534ffe" testName="Api.Tests.GetDocumentDiagnosisQueryHandlerTests.HandleAsync_CalledTwiceWithinOneMinute_ThrowsInvalidOperationException" computerName="ALVAGONZ" duration="00:00:00.9337204" startTime="2026-06-25T09:13:39.8712897-04:00" endTime="2026-06-25T09:13:39.8712899-04:00" testType="13cdc9d9-ddb5-4fa4-a97d-d965ccfc6d4b" outcome="Passed" testListId="8c84fa94-04c1-424b-9868-57a2d4851a1d" relativeResultsDirectory="32a2fbcb-6625-43a1-92e6-16defdf37ecb" />
    <UnitTestResult executionId="cf6349c1-5411-4f46-a871-c2c2e46287b5" testId="3f4a7373-ae45-356c-273c-1587d600f8fe" testName="Api.Tests.ResendEmailServiceTests.SendEmailAsync_SendsMessageWithCorrectValues" computerName="ALVAGONZ" duration="00:00:00.0030549" startTime="2026-06-25T09:13:39.8639926-04:00" endTime="2026-06-25T09:13:39.8639931-04:00" testType="13cdc9d9-ddb5-4fa4-a97d-d965ccfc6d4b" outcome="Passed" testListId="8c84fa94-04c1-424b-9868-57a2d4851a1d" relativeResultsDirectory="cf6349c1-5411-4f46-a871-c2c2e46287b5" />
    <UnitTestResult executionId="8078fecc-82b0-4a0d-90af-f27b49102525" testId="f0e1e511-e13f-e8d9-e04b-28c87c7fd256" testName="Api.Tests.GetDocumentDiagnosisQueryHandlerTests.HandleAsync_NoDocuments_ReturnsScoreZeroAndDefaultSummary" computerName="ALVAGONZ" duration="00:00:00.0013824" startTime="2026-06-25T09:13:39.8988188-04:00" endTime="2026-06-25T09:13:39.8988189-04:00" testType="13cdc9d9-ddb5-4fa4-a97d-d965ccfc6d4b" outcome="Passed" testListId="8c84fa94-04c1-424b-9868-57a2d4851a1d" relativeResultsDirectory="8078fecc-82b0-4a0d-90af-f27b49102525" />
    <UnitTestResult executionId="652b31ca-6a9f-491d-a9e0-402510bb8df8" testId="5380e8c3-5f3f-436c-34df-3b3a96511a9b" testName="Api.Tests.ResendEmailServiceTests.SendDocumentUploadConfirmationAsync_UsesCorrectTemplate" computerName="ALVAGONZ" duration="00:00:00.0041198" startTime="2026-06-25T09:13:39.8682780-04:00" endTime="2026-06-25T09:13:39.8682783-04:00" testType="13cdc9d9-ddb5-4fa4-a97d-d965ccfc6d4b" outcome="Passed" testListId="8c84fa94-04c1-424b-9868-57a2d4851a1d" relativeResultsDirectory="652b31ca-6a9f-491d-a9e0-402510bb8df8" />
    <UnitTestResult executionId="70934a5a-7c41-4c45-8723-f462c1c847ae" testId="2bae8dcb-84de-ee76-203f-153ae7f3e8b4" testName="Api.Tests.ApiStatusTests.Get_ApiStatus_ReturnsSuccessStatusCode" computerName="ALVAGONZ" duration="00:00:02.8779423" startTime="2026-06-25T09:13:41.8240454-04:00" endTime="2026-06-25T09:13:41.8240456-04:00" testType="13cdc9d9-ddb5-4fa4-a97d-d965ccfc6d4b" outcome="Failed" testListId="8c84fa94-04c1-424b-9868-57a2d4851a1d" relativeResultsDirectory="70934a5a-7c41-4c45-8723-f462c1c847ae">
      <Output>
        <ErrorInfo>
          <Message>Microsoft.Data.SqlClient.SqlException : There is already an object named 'Notificaciones' in the database.</Message>
          <StackTrace>   at Microsoft.Data.SqlClient.SqlConnection.OnError(SqlException exception, Boolean breakConnection, Action`1 wrapCloseInAction)&#xD;
   at Microsoft.Data.SqlClient.SqlInternalConnection.OnError(SqlException exception, Boolean breakConnection, Action`1 wrapCloseInAction)&#xD;
   at Microsoft.Data.SqlClient.TdsParser.ThrowExceptionAndWarning(TdsParserStateObject stateObj, Boolean callerHasConnectionLock, Boolean asyncClose)&#xD;
   at Microsoft.Data.SqlClient.TdsParser.TryRun(RunBehavior runBehavior, SqlCommand cmdHandler, SqlDataReader dataStream, BulkCopySimpleResultSet bulkCopyHandler, TdsParserStateObject stateObj, Boolean&amp; dataReady)&#xD;
   at Microsoft.Data.SqlClient.SqlCommand.InternalEndExecuteNonQuery(IAsyncResult asyncResult, Boolean isInternal, String endMethod)&#xD;
   at Microsoft.Data.SqlClient.SqlCommand.EndExecuteNonQueryInternal(IAsyncResult asyncResult)&#xD;
   at Microsoft.Data.SqlClient.SqlCommand.EndExecuteNonQueryAsync(IAsyncResult asyncResult)&#xD;
   at Microsoft.Data.SqlClient.SqlCommand.&lt;&gt;c.&lt;InternalExecuteNonQueryAsync&gt;b__210_1(IAsyncResult result)&#xD;
   at System.Threading.Tasks.TaskFactory`1.FromAsyncCoreLogic(IAsyncResult iar, Func`2 endFunction, Action`1 endAction, Task`1 promise, Boolean requiresSynchronization)&#xD;
--- End of stack trace from previous location ---&#xD;
   at Microsoft.EntityFrameworkCore.Storage.RelationalCommand.ExecuteNonQueryAsync(RelationalCommandParameterObject parameterObject, CancellationToken cancellationToken)&#xD;
   at Microsoft.EntityFrameworkCore.Storage.RelationalCommand.ExecuteNonQueryAsync(RelationalCommandParameterObject parameterObject, CancellationToken cancellationToken)&#xD;
   at Microsoft.EntityFrameworkCore.Storage.RelationalCommand.ExecuteNonQueryAsync(RelationalCommandParameterObject parameterObject, CancellationToken cancellationToken)&#xD;
   at Microsoft.EntityFrameworkCore.Migrations.Internal.MigrationCommandExecutor.ExecuteNonQueryAsync(IEnumerable`1 migrationCommands, IRelationalConnection connection, CancellationToken cancellationToken)&#xD;
   at Microsoft.EntityFrameworkCore.Migrations.Internal.MigrationCommandExecutor.ExecuteNonQueryAsync(IEnumerable`1 migrationCommands, IRelationalConnection connection, CancellationToken cancellationToken)&#xD;
   at Microsoft.EntityFrameworkCore.Migrations.Internal.MigrationCommandExecutor.ExecuteNonQueryAsync(IEnumerable`1 migrationCommands, IRelationalConnection connection, CancellationToken cancellationToken)&#xD;
   at Microsoft.EntityFrameworkCore.Migrations.Internal.MigrationCommandExecutor.ExecuteNonQueryAsync(IEnumerable`1 migrationCommands, IRelationalConnection connection, CancellationToken cancellationToken)&#xD;
   at Microsoft.EntityFrameworkCore.Migrations.Internal.Migrator.MigrateAsync(String targetMigration, CancellationToken cancellationToken)&#xD;
   at Program.&lt;Main&gt;$(String[] args) in C:\Users\Admin\Desktop\Anteproyecto-Verify\src\backend\Api\Program.cs:line 54&#xD;
   at Program.&lt;Main&gt;(String[] args)&#xD;
   at InvokeStub_Program.&lt;Main&gt;(Object, Span`1)&#xD;
   at System.Reflection.MethodBaseInvoker.InvokeWithOneArg(Object obj, BindingFlags invokeAttr, Binder binder, Object[] parameters, CultureInfo culture)&#xD;
--- End of stack trace from previous location ---&#xD;
   at Microsoft.AspNetCore.Mvc.Testing.DeferredHostBuilder.DeferredHost.StartAsync(CancellationToken cancellationToken)&#xD;
   at Microsoft.Extensions.Hosting.HostingAbstractionsHostExtensions.Start(IHost host)&#xD;
   at Microsoft.AspNetCore.Mvc.Testing.WebApplicationFactory`1.CreateHost(IHostBuilder builder)&#xD;
   at Microsoft.AspNetCore.Mvc.Testing.WebApplicationFactory`1.ConfigureHostBuilder(IHostBuilder hostBuilder)&#xD;
   at Microsoft.AspNetCore.Mvc.Testing.WebApplicationFactory`1.EnsureServer()&#xD;
   at Microsoft.AspNetCore.Mvc.Testing.WebApplicationFactory`1.CreateDefaultClient(DelegatingHandler[] handlers)&#xD;
   at Microsoft.AspNetCore.Mvc.Testing.WebApplicationFactory`1.CreateDefaultClient(Uri baseAddress, DelegatingHandler[] handlers)&#xD;
   at Microsoft.AspNetCore.Mvc.Testing.WebApplicationFactory`1.CreateClient(WebApplicationFactoryClientOptions options)&#xD;
   at Microsoft.AspNetCore.Mvc.Testing.WebApplicationFactory`1.CreateClient()&#xD;
   at Api.Tests.ApiStatusTests.Get_ApiStatus_ReturnsSuccessStatusCode() in C:\Users\Admin\Desktop\Anteproyecto-Verify\src\backend\Api.Tests\ApiStatusTests.cs:line 20&#xD;
--- End of stack trace from previous location ---</StackTrace>
        </ErrorInfo>
      </Output>
    </UnitTestResult>
    <UnitTestResult executionId="5ce2ed1b-aea5-41a6-83f0-217cc86551a4" testId="7b8a1692-efa4-d511-32d7-4966224f8985" testName="Api.Tests.ResendEmailServiceTests.SendDocumentStatusUpdateAsync_Approved_UsesCorrectTemplate" computerName="ALVAGONZ" duration="00:00:00.0012943" startTime="2026-06-25T09:13:39.8987075-04:00" endTime="2026-06-25T09:13:39.8987076-04:00" testType="13cdc9d9-ddb5-4fa4-a97d-d965ccfc6d4b" outcome="Failed" testListId="8c84fa94-04c1-424b-9868-57a2d4851a1d" relativeResultsDirectory="5ce2ed1b-aea5-41a6-83f0-217cc86551a4">
      <Output>
        <ErrorInfo>
          <Message>Assert.Contains() Failure: Sub-string not found&#xD;
String:    "&lt;!DOCTYPE html&gt;\r\n&lt;html lang="es" xmlns="h"···&#xD;
Not found: "badge-verified"</Message>
          <StackTrace>   at Api.Tests.ResendEmailServiceTests.SendDocumentStatusUpdateAsync_Approved_UsesCorrectTemplate() in C:\Users\Admin\Desktop\Anteproyecto-Verify\src\backend\Api.Tests\ResendEmailServiceTests.cs:line 145&#xD;
--- End of stack trace from previous location ---</StackTrace>
        </ErrorInfo>
      </Output>
    </UnitTestResult>
    <UnitTestResult executionId="04d76a6b-935c-4ba6-ad57-c73636755fd8" testId="eff72f46-a3f9-d3a7-ff15-275794af9931" testName="Api.Tests.GetDocumentDiagnosisQueryHandlerTests.HandleAsync_HappyPath_ReturnsExpectedDto" computerName="ALVAGONZ" duration="00:00:00.0039946" startTime="2026-06-25T09:13:39.8979187-04:00" endTime="2026-06-25T09:13:39.8979188-04:00" testType="13cdc9d9-ddb5-4fa4-a97d-d965ccfc6d4b" outcome="Passed" testListId="8c84fa94-04c1-424b-9868-57a2d4851a1d" relativeResultsDirectory="04d76a6b-935c-4ba6-ad57-c73636755fd8" />
    <UnitTestResult executionId="a59cc605-c16a-4021-85da-cc74e29e2444" testId="a8a5ed93-5cab-7da6-6bf9-6122f5a5beb8" testName="Api.Tests.ResendEmailServiceTests.SendProjectCreatedAsync_UsesCorrectTemplate" computerName="ALVAGONZ" duration="00:00:00.0017192" startTime="2026-06-25T09:13:39.8979877-04:00" endTime="2026-06-25T09:13:39.8979878-04:00" testType="13cdc9d9-ddb5-4fa4-a97d-d965ccfc6d4b" outcome="Passed" testListId="8c84fa94-04c1-424b-9868-57a2d4851a1d" relativeResultsDirectory="a59cc605-c16a-4021-85da-cc74e29e2444" />
  </Results>
  <TestDefinitions>
    <UnitTest name="Api.Tests.SwaggerTests.Get_SwaggerIndex_ReturnsSuccessStatusCode" storage="c:\users\admin\desktop\anteproyecto-verify\src\backend\api.tests\bin\debug\net8.0\api.tests.dll" id="f94b12e1-cee5-36f3-81e3-df0658a53dcc">
      <Execution id="b60b403b-63b6-425c-9a9c-e1acd44fe41c" />
      <TestMethod codeBase="C:\Users\Admin\Desktop\Anteproyecto-Verify\src\backend\Api.Tests\bin\Debug\net8.0\Api.Tests.dll" adapterTypeName="executor://xunit/VsTestRunner2/netcoreapp" className="Api.Tests.SwaggerTests" name="Get_SwaggerIndex_ReturnsSuccessStatusCode" />
    </UnitTest>
    <UnitTest name="Api.Tests.GetDocumentDiagnosisQueryHandlerTests.HandleAsync_ValidationError_ThrowsValidationException" storage="c:\users\admin\desktop\anteproyecto-verify\src\backend\api.tests\bin\debug\net8.0\api.tests.dll" id="c0500782-0e63-83fc-9487-18b8746c1627">
      <Execution id="ba4e93e5-fe8f-490e-942e-082c92a0d878" />
      <TestMethod codeBase="C:\Users\Admin\Desktop\Anteproyecto-Verify\src\backend\Api.Tests\bin\Debug\net8.0\Api.Tests.dll" adapterTypeName="executor://xunit/VsTestRunner2/netcoreapp" className="Api.Tests.GetDocumentDiagnosisQueryHandlerTests" name="HandleAsync_ValidationError_ThrowsValidationException" />
    </UnitTest>
    <UnitTest name="Api.Tests.ResendEmailServiceTests.SendAccountVerificationAsync_UsesCorrectTemplate" storage="c:\users\admin\desktop\anteproyecto-verify\src\backend\api.tests\bin\debug\net8.0\api.tests.dll" id="62532f84-b3c3-01cc-4382-d22055358b75">
      <Execution id="54ea23f6-6899-458e-8937-804d7fc4ce7d" />
      <TestMethod codeBase="C:\Users\Admin\Desktop\Anteproyecto-Verify\src\backend\Api.Tests\bin\Debug\net8.0\Api.Tests.dll" adapterTypeName="executor://xunit/VsTestRunner2/netcoreapp" className="Api.Tests.ResendEmailServiceTests" name="SendAccountVerificationAsync_UsesCorrectTemplate" />
    </UnitTest>
    <UnitTest name="Api.Tests.GetDocumentDiagnosisQueryHandlerTests.HandleAsync_ProjectNotFound_ThrowsKeyNotFoundException" storage="c:\users\admin\desktop\anteproyecto-verify\src\backend\api.tests\bin\debug\net8.0\api.tests.dll" id="3dbf0911-bb1c-684c-f297-8a1080bd1b71">
      <Execution id="c0dd1f3b-399e-47f2-b5ff-2bbc1040bdc5" />
      <TestMethod codeBase="C:\Users\Admin\Desktop\Anteproyecto-Verify\src\backend\Api.Tests\bin\Debug\net8.0\Api.Tests.dll" adapterTypeName="executor://xunit/VsTestRunner2/netcoreapp" className="Api.Tests.GetDocumentDiagnosisQueryHandlerTests" name="HandleAsync_ProjectNotFound_ThrowsKeyNotFoundException" />
    </UnitTest>
    <UnitTest name="Api.Tests.ResendEmailServiceTests.SendProjectCreatedAsync_UsesCorrectTemplate" storage="c:\users\admin\desktop\anteproyecto-verify\src\backend\api.tests\bin\debug\net8.0\api.tests.dll" id="a8a5ed93-5cab-7da6-6bf9-6122f5a5beb8">
      <Execution id="a59cc605-c16a-4021-85da-cc74e29e2444" />
      <TestMethod codeBase="C:\Users\Admin\Desktop\Anteproyecto-Verify\src\backend\Api.Tests\bin\Debug\net8.0\Api.Tests.dll" adapterTypeName="executor://xunit/VsTestRunner2/netcoreapp" className="Api.Tests.ResendEmailServiceTests" name="SendProjectCreatedAsync_UsesCorrectTemplate" />
    </UnitTest>
    <UnitTest name="Api.Tests.GetDocumentDiagnosisQueryHandlerTests.HandleAsync_HappyPath_ReturnsExpectedDto" storage="c:\users\admin\desktop\anteproyecto-verify\src\backend\api.tests\bin\debug\net8.0\api.tests.dll" id="eff72f46-a3f9-d3a7-ff15-275794af9931">
      <Execution id="04d76a6b-935c-4ba6-ad57-c73636755fd8" />
      <TestMethod codeBase="C:\Users\Admin\Desktop\Anteproyecto-Verify\src\backend\Api.Tests\bin\Debug\net8.0\Api.Tests.dll" adapterTypeName="executor://xunit/VsTestRunner2/netcoreapp" className="Api.Tests.GetDocumentDiagnosisQueryHandlerTests" name="HandleAsync_HappyPath_ReturnsExpectedDto" />
    </UnitTest>
    <UnitTest name="Api.Tests.GetDocumentDiagnosisQueryHandlerTests.HandleAsync_CalledTwiceWithinOneMinute_ThrowsInvalidOperationException" storage="c:\users\admin\desktop\anteproyecto-verify\src\backend\api.tests\bin\debug\net8.0\api.tests.dll" id="d613d3e3-a00c-805d-8fe8-9f741d534ffe">
      <Execution id="32a2fbcb-6625-43a1-92e6-16defdf37ecb" />
      <TestMethod codeBase="C:\Users\Admin\Desktop\Anteproyecto-Verify\src\backend\Api.Tests\bin\Debug\net8.0\Api.Tests.dll" adapterTypeName="executor://xunit/VsTestRunner2/netcoreapp" className="Api.Tests.GetDocumentDiagnosisQueryHandlerTests" name="HandleAsync_CalledTwiceWithinOneMinute_ThrowsInvalidOperationException" />
    </UnitTest>
    <UnitTest name="Api.Tests.ResendEmailServiceTests.SendDocumentStatusUpdateAsync_Rejected_UsesCorrectTemplate" storage="c:\users\admin\desktop\anteproyecto-verify\src\backend\api.tests\bin\debug\net8.0\api.tests.dll" id="39116a4a-dcfa-62b0-77c9-919eab681596">
      <Execution id="55a0fc11-62c5-4030-a7b5-d873a1fd8138" />
      <TestMethod codeBase="C:\Users\Admin\Desktop\Anteproyecto-Verify\src\backend\Api.Tests\bin\Debug\net8.0\Api.Tests.dll" adapterTypeName="executor://xunit/VsTestRunner2/netcoreapp" className="Api.Tests.ResendEmailServiceTests" name="SendDocumentStatusUpdateAsync_Rejected_UsesCorrectTemplate" />
    </UnitTest>
    <UnitTest name="Api.Tests.ResendEmailServiceTests.SendEmailAsync_SendsMessageWithCorrectValues" storage="c:\users\admin\desktop\anteproyecto-verify\src\backend\api.tests\bin\debug\net8.0\api.tests.dll" id="3f4a7373-ae45-356c-273c-1587d600f8fe">
      <Execution id="cf6349c1-5411-4f46-a871-c2c2e46287b5" />
      <TestMethod codeBase="C:\Users\Admin\Desktop\Anteproyecto-Verify\src\backend\Api.Tests\bin\Debug\net8.0\Api.Tests.dll" adapterTypeName="executor://xunit/VsTestRunner2/netcoreapp" className="Api.Tests.ResendEmailServiceTests" name="SendEmailAsync_SendsMessageWithCorrectValues" />
    </UnitTest>
    <UnitTest name="Api.Tests.ResendEmailServiceTests.SendDocumentStatusUpdateAsync_Approved_UsesCorrectTemplate" storage="c:\users\admin\desktop\anteproyecto-verify\src\backend\api.tests\bin\debug\net8.0\api.tests.dll" id="7b8a1692-efa4-d511-32d7-4966224f8985">
      <Execution id="5ce2ed1b-aea5-41a6-83f0-217cc86551a4" />
      <TestMethod codeBase="C:\Users\Admin\Desktop\Anteproyecto-Verify\src\backend\Api.Tests\bin\Debug\net8.0\Api.Tests.dll" adapterTypeName="executor://xunit/VsTestRunner2/netcoreapp" className="Api.Tests.ResendEmailServiceTests" name="SendDocumentStatusUpdateAsync_Approved_UsesCorrectTemplate" />
    </UnitTest>
    <UnitTest name="Api.Tests.ResendEmailServiceTests.SendDocumentUploadConfirmationAsync_UsesCorrectTemplate" storage="c:\users\admin\desktop\anteproyecto-verify\src\backend\api.tests\bin\debug\net8.0\api.tests.dll" id="5380e8c3-5f3f-436c-34df-3b3a96511a9b">
      <Execution id="652b31ca-6a9f-491d-a9e0-402510bb8df8" />
      <TestMethod codeBase="C:\Users\Admin\Desktop\Anteproyecto-Verify\src\backend\Api.Tests\bin\Debug\net8.0\Api.Tests.dll" adapterTypeName="executor://xunit/VsTestRunner2/netcoreapp" className="Api.Tests.ResendEmailServiceTests" name="SendDocumentUploadConfirmationAsync_UsesCorrectTemplate" />
    </UnitTest>
    <UnitTest name="Api.Tests.ApiStatusTests.Get_ApiStatus_ReturnsSuccessStatusCode" storage="c:\users\admin\desktop\anteproyecto-verify\src\backend\api.tests\bin\debug\net8.0\api.tests.dll" id="2bae8dcb-84de-ee76-203f-153ae7f3e8b4">
      <Execution id="70934a5a-7c41-4c45-8723-f462c1c847ae" />
      <TestMethod codeBase="C:\Users\Admin\Desktop\Anteproyecto-Verify\src\backend\Api.Tests\bin\Debug\net8.0\Api.Tests.dll" adapterTypeName="executor://xunit/VsTestRunner2/netcoreapp" className="Api.Tests.ApiStatusTests" name="Get_ApiStatus_ReturnsSuccessStatusCode" />
    </UnitTest>
    <UnitTest name="Api.Tests.GetDocumentDiagnosisQueryHandlerTests.HandleAsync_NoDocuments_ReturnsScoreZeroAndDefaultSummary" storage="c:\users\admin\desktop\anteproyecto-verify\src\backend\api.tests\bin\debug\net8.0\api.tests.dll" id="f0e1e511-e13f-e8d9-e04b-28c87c7fd256">
      <Execution id="8078fecc-82b0-4a0d-90af-f27b49102525" />
      <TestMethod codeBase="C:\Users\Admin\Desktop\Anteproyecto-Verify\src\backend\Api.Tests\bin\Debug\net8.0\Api.Tests.dll" adapterTypeName="executor://xunit/VsTestRunner2/netcoreapp" className="Api.Tests.GetDocumentDiagnosisQueryHandlerTests" name="HandleAsync_NoDocuments_ReturnsScoreZeroAndDefaultSummary" />
    </UnitTest>
    <UnitTest name="Api.Tests.GetDocumentDiagnosisQueryHandlerTests.HandleAsync_AiServiceThrows_ReturnsFallbackResult" storage="c:\users\admin\desktop\anteproyecto-verify\src\backend\api.tests\bin\debug\net8.0\api.tests.dll" id="afdb3f1a-4623-7490-795d-e6837e60c3b8">
      <Execution id="adef24c4-ea73-4b2e-bfb3-78139d79d678" />
      <TestMethod codeBase="C:\Users\Admin\Desktop\Anteproyecto-Verify\src\backend\Api.Tests\bin\Debug\net8.0\Api.Tests.dll" adapterTypeName="executor://xunit/VsTestRunner2/netcoreapp" className="Api.Tests.GetDocumentDiagnosisQueryHandlerTests" name="HandleAsync_AiServiceThrows_ReturnsFallbackResult" />
    </UnitTest>
    <UnitTest name="Api.Tests.UnitTest1.Test1" storage="c:\users\admin\desktop\anteproyecto-verify\src\backend\api.tests\bin\debug\net8.0\api.tests.dll" id="9983a587-9771-0fbd-a017-1bbb600dfa5c">
      <Execution id="9669f6d5-fb30-4855-9006-d075617248fe" />
      <TestMethod codeBase="C:\Users\Admin\Desktop\Anteproyecto-Verify\src\backend\Api.Tests\bin\Debug\net8.0\Api.Tests.dll" adapterTypeName="executor://xunit/VsTestRunner2/netcoreapp" className="Api.Tests.UnitTest1" name="Test1" />
    </UnitTest>
  </TestDefinitions>
  <TestEntries>
    <TestEntry testId="3dbf0911-bb1c-684c-f297-8a1080bd1b71" executionId="c0dd1f3b-399e-47f2-b5ff-2bbc1040bdc5" testListId="8c84fa94-04c1-424b-9868-57a2d4851a1d" />
    <TestEntry testId="9983a587-9771-0fbd-a017-1bbb600dfa5c" executionId="9669f6d5-fb30-4855-9006-d075617248fe" testListId="8c84fa94-04c1-424b-9868-57a2d4851a1d" />
    <TestEntry testId="f94b12e1-cee5-36f3-81e3-df0658a53dcc" executionId="b60b403b-63b6-425c-9a9c-e1acd44fe41c" testListId="8c84fa94-04c1-424b-9868-57a2d4851a1d" />
    <TestEntry testId="39116a4a-dcfa-62b0-77c9-919eab681596" executionId="55a0fc11-62c5-4030-a7b5-d873a1fd8138" testListId="8c84fa94-04c1-424b-9868-57a2d4851a1d" />
    <TestEntry testId="afdb3f1a-4623-7490-795d-e6837e60c3b8" executionId="adef24c4-ea73-4b2e-bfb3-78139d79d678" testListId="8c84fa94-04c1-424b-9868-57a2d4851a1d" />
    <TestEntry testId="c0500782-0e63-83fc-9487-18b8746c1627" executionId="ba4e93e5-fe8f-490e-942e-082c92a0d878" testListId="8c84fa94-04c1-424b-9868-57a2d4851a1d" />
    <TestEntry testId="62532f84-b3c3-01cc-4382-d22055358b75" executionId="54ea23f6-6899-458e-8937-804d7fc4ce7d" testListId="8c84fa94-04c1-424b-9868-57a2d4851a1d" />
    <TestEntry testId="d613d3e3-a00c-805d-8fe8-9f741d534ffe" executionId="32a2fbcb-6625-43a1-92e6-16defdf37ecb" testListId="8c84fa94-04c1-424b-9868-57a2d4851a1d" />
    <TestEntry testId="3f4a7373-ae45-356c-273c-1587d600f8fe" executionId="cf6349c1-5411-4f46-a871-c2c2e46287b5" testListId="8c84fa94-04c1-424b-9868-57a2d4851a1d" />
    <TestEntry testId="f0e1e511-e13f-e8d9-e04b-28c87c7fd256" executionId="8078fecc-82b0-4a0d-90af-f27b49102525" testListId="8c84fa94-04c1-424b-9868-57a2d4851a1d" />
    <TestEntry testId="5380e8c3-5f3f-436c-34df-3b3a96511a9b" executionId="652b31ca-6a9f-491d-a9e0-402510bb8df8" testListId="8c84fa94-04c1-424b-9868-57a2d4851a1d" />
    <TestEntry testId="2bae8dcb-84de-ee76-203f-153ae7f3e8b4" executionId="70934a5a-7c41-4c45-8723-f462c1c847ae" testListId="8c84fa94-04c1-424b-9868-57a2d4851a1d" />
    <TestEntry testId="7b8a1692-efa4-d511-32d7-4966224f8985" executionId="5ce2ed1b-aea5-41a6-83f0-217cc86551a4" testListId="8c84fa94-04c1-424b-9868-57a2d4851a1d" />
    <TestEntry testId="eff72f46-a3f9-d3a7-ff15-275794af9931" executionId="04d76a6b-935c-4ba6-ad57-c73636755fd8" testListId="8c84fa94-04c1-424b-9868-57a2d4851a1d" />
    <TestEntry testId="a8a5ed93-5cab-7da6-6bf9-6122f5a5beb8" executionId="a59cc605-c16a-4021-85da-cc74e29e2444" testListId="8c84fa94-04c1-424b-9868-57a2d4851a1d" />
  </TestEntries>
  <TestLists>
    <TestList name="Results Not in a List" id="8c84fa94-04c1-424b-9868-57a2d4851a1d" />
    <TestList name="All Loaded Results" id="19431567-8539-422a-85d7-44ee4e166bda" />
  </TestLists>
  <ResultSummary outcome="Failed">
    <Counters total="15" executed="15" passed="11" failed="4" error="0" timeout="0" aborted="0" inconclusive="0" passedButRunAborted="0" notRunnable="0" notExecuted="0" disconnected="0" warning="0" completed="0" inProgress="0" pending="0" />
    <Output>
      <StdOut>[xUnit.net 00:00:00.00] xUnit.net VSTest Adapter v2.5.3.1+6b60a9e56a (64-bit .NET 8.0.25)&#xD;
[xUnit.net 00:00:01.37]   Discovering: Api.Tests&#xD;
[xUnit.net 00:00:01.41]   Discovered:  Api.Tests&#xD;
[xUnit.net 00:00:01.41]   Starting:    Api.Tests&#xD;
[xUnit.net 00:00:02.42]       Assert.Contains() Failure: Sub-string not found&#xD;
[xUnit.net 00:00:02.42]       String:    "&lt;!DOCTYPE html&gt;\r\n&lt;html lang="es" xmlns="h"···&#xD;
[xUnit.net 00:00:02.42]       Not found: "badge-rejected"&#xD;
[xUnit.net 00:00:02.42]       Stack Trace:&#xD;
[xUnit.net 00:00:02.42]         C:\Users\Admin\Desktop\Anteproyecto-Verify\src\backend\Api.Tests\ResendEmailServiceTests.cs(172,0): at Api.Tests.ResendEmailServiceTests.SendDocumentStatusUpdateAsync_Rejected_UsesCorrectTemplate()&#xD;
[xUnit.net 00:00:02.42]         --- End of stack trace from previous location ---&#xD;
[xUnit.net 00:00:02.42]       Assert.Contains() Failure: Sub-string not found&#xD;
[xUnit.net 00:00:02.42]       String:    "&lt;!DOCTYPE html&gt;\r\n&lt;html lang="es" xmlns="h"···&#xD;
[xUnit.net 00:00:02.42]       Not found: "badge-verified"&#xD;
[xUnit.net 00:00:02.42]       Stack Trace:&#xD;
[xUnit.net 00:00:02.42]         C:\Users\Admin\Desktop\Anteproyecto-Verify\src\backend\Api.Tests\ResendEmailServiceTests.cs(145,0): at Api.Tests.ResendEmailServiceTests.SendDocumentStatusUpdateAsync_Approved_UsesCorrectTemplate()&#xD;
[xUnit.net 00:00:02.42]         --- End of stack trace from previous location ---&#xD;
info: Program[0]&#xD;
      Database connection verified successfully.&#xD;
info: Program[0]&#xD;
      Database connection verified successfully.&#xD;
info: Program[0]&#xD;
      Applying database migrations...&#xD;
info: Program[0]&#xD;
      Applying database migrations...&#xD;
info: Microsoft.EntityFrameworkCore.Database.Command[20101]&#xD;
      Executed DbCommand (30ms) [Parameters=[], CommandType='Text', CommandTimeout='30']&#xD;
      SELECT 1&#xD;
info: Microsoft.EntityFrameworkCore.Database.Command[20101]&#xD;
      Executed DbCommand (30ms) [Parameters=[], CommandType='Text', CommandTimeout='30']&#xD;
      SELECT 1&#xD;
info: Microsoft.EntityFrameworkCore.Database.Command[20101]&#xD;
      Executed DbCommand (25ms) [Parameters=[], CommandType='Text', CommandTimeout='30']&#xD;
      SELECT OBJECT_ID(N'[__EFMigrationsHistory]');&#xD;
info: Microsoft.EntityFrameworkCore.Database.Command[20101]&#xD;
      Executed DbCommand (25ms) [Parameters=[], CommandType='Text', CommandTimeout='30']&#xD;
      SELECT OBJECT_ID(N'[__EFMigrationsHistory]');&#xD;
info: Microsoft.EntityFrameworkCore.Database.Command[20101]&#xD;
      Executed DbCommand (1ms) [Parameters=[], CommandType='Text', CommandTimeout='30']&#xD;
      SELECT 1&#xD;
info: Microsoft.EntityFrameworkCore.Database.Command[20101]&#xD;
      Executed DbCommand (1ms) [Parameters=[], CommandType='Text', CommandTimeout='30']&#xD;
      SELECT 1&#xD;
info: Microsoft.EntityFrameworkCore.Database.Command[20101]&#xD;
      Executed DbCommand (1ms) [Parameters=[], CommandType='Text', CommandTimeout='30']&#xD;
      SELECT OBJECT_ID(N'[__EFMigrationsHistory]');&#xD;
info: Microsoft.EntityFrameworkCore.Database.Command[20101]&#xD;
      Executed DbCommand (1ms) [Parameters=[], CommandType='Text', CommandTimeout='30']&#xD;
      SELECT OBJECT_ID(N'[__EFMigrationsHistory]');&#xD;
info: Microsoft.EntityFrameworkCore.Database.Command[20101]&#xD;
      Executed DbCommand (12ms) [Parameters=[], CommandType='Text', CommandTimeout='30']&#xD;
      SELECT [MigrationId], [ProductVersion]&#xD;
      FROM [__EFMigrationsHistory]&#xD;
      ORDER BY [MigrationId];&#xD;
info: Microsoft.EntityFrameworkCore.Database.Command[20101]&#xD;
      Executed DbCommand (12ms) [Parameters=[], CommandType='Text', CommandTimeout='30']&#xD;
      SELECT [MigrationId], [ProductVersion]&#xD;
      FROM [__EFMigrationsHistory]&#xD;
      ORDER BY [MigrationId];&#xD;
info: Microsoft.EntityFrameworkCore.Migrations[20402]&#xD;
      Applying migration '20260625043417_InitialCreate'.&#xD;
info: Microsoft.EntityFrameworkCore.Migrations[20402]&#xD;
      Applying migration '20260625043417_InitialCreate'.&#xD;
fail: Microsoft.EntityFrameworkCore.Database.Command[20102]&#xD;
      Failed executing DbCommand (6ms) [Parameters=[], CommandType='Text', CommandTimeout='30']&#xD;
      CREATE TABLE [Notificaciones] (&#xD;
          [Id] uniqueidentifier NOT NULL,&#xD;
          [UsuarioId] uniqueidentifier NOT NULL,&#xD;
          [Mensaje] nvarchar(max) NOT NULL,&#xD;
          [Tipo] nvarchar(max) NOT NULL,&#xD;
          [Leida] bit NOT NULL,&#xD;
          [FechaUtc] datetime2 NOT NULL,&#xD;
          [EnlaceRelacionado] nvarchar(max) NULL,&#xD;
          [CreatedAtUtc] datetime2 NOT NULL,&#xD;
          [UpdatedAtUtc] datetime2 NULL,&#xD;
          CONSTRAINT [PK_Notificaciones] PRIMARY KEY ([Id])&#xD;
      );&#xD;
fail: Microsoft.EntityFrameworkCore.Database.Command[20102]&#xD;
      Failed executing DbCommand (6ms) [Parameters=[], CommandType='Text', CommandTimeout='30']&#xD;
      CREATE TABLE [Notificaciones] (&#xD;
          [Id] uniqueidentifier NOT NULL,&#xD;
          [UsuarioId] uniqueidentifier NOT NULL,&#xD;
          [Mensaje] nvarchar(max) NOT NULL,&#xD;
          [Tipo] nvarchar(max) NOT NULL,&#xD;
          [Leida] bit NOT NULL,&#xD;
          [FechaUtc] datetime2 NOT NULL,&#xD;
          [EnlaceRelacionado] nvarchar(max) NULL,&#xD;
          [CreatedAtUtc] datetime2 NOT NULL,&#xD;
          [UpdatedAtUtc] datetime2 NULL,&#xD;
          CONSTRAINT [PK_Notificaciones] PRIMARY KEY ([Id])&#xD;
      );&#xD;
=== FATAL STARTUP CRASH ===&#xD;
=== FATAL STARTUP CRASH ===&#xD;
Microsoft.Data.SqlClient.SqlException (0x80131904): There is already an object named 'Notificaciones' in the database.&#xD;
   at Microsoft.Data.SqlClient.SqlConnection.OnError(SqlException exception, Boolean breakConnection, Action`1 wrapCloseInAction)&#xD;
   at Microsoft.Data.SqlClient.SqlInternalConnection.OnError(SqlException exception, Boolean breakConnection, Action`1 wrapCloseInAction)&#xD;
   at Microsoft.Data.SqlClient.TdsParser.ThrowExceptionAndWarning(TdsParserStateObject stateObj, Boolean callerHasConnectionLock, Boolean asyncClose)&#xD;
   at Microsoft.Data.SqlClient.TdsParser.TryRun(RunBehavior runBehavior, SqlCommand cmdHandler, SqlDataReader dataStream, BulkCopySimpleResultSet bulkCopyHandler, TdsParserStateObject stateObj, Boolean&amp; dataReady)&#xD;
   at Microsoft.Data.SqlClient.SqlCommand.InternalEndExecuteNonQuery(IAsyncResult asyncResult, Boolean isInternal, String endMethod)&#xD;
   at Microsoft.Data.SqlClient.SqlCommand.EndExecuteNonQueryInternal(IAsyncResult asyncResult)&#xD;
   at Microsoft.Data.SqlClient.SqlCommand.EndExecuteNonQueryAsync(IAsyncResult asyncResult)&#xD;
   at Microsoft.Data.SqlClient.SqlCommand.&lt;&gt;c.&lt;InternalExecuteNonQueryAsync&gt;b__210_1(IAsyncResult result)&#xD;
   at System.Threading.Tasks.TaskFactory`1.FromAsyncCoreLogic(IAsyncResult iar, Func`2 endFunction, Action`1 endAction, Task`1 promise, Boolean requiresSynchronization)&#xD;
--- End of stack trace from previous location ---&#xD;
   at Microsoft.EntityFrameworkCore.Storage.RelationalCommand.ExecuteNonQueryAsync(RelationalCommandParameterObject parameterObject, CancellationToken cancellationToken)&#xD;
   at Microsoft.EntityFrameworkCore.Storage.RelationalCommand.ExecuteNonQueryAsync(RelationalCommandParameterObject parameterObject, CancellationToken cancellationToken)&#xD;
   at Microsoft.EntityFrameworkCore.Storage.RelationalCommand.ExecuteNonQueryAsync(RelationalCommandParameterObject parameterObject, CancellationToken cancellationToken)&#xD;
   at Microsoft.EntityFrameworkCore.Migrations.Internal.MigrationCommandExecutor.ExecuteNonQueryAsync(IEnumerable`1 migrationCommands, IRelationalConnection connection, CancellationToken cancellationToken)&#xD;
   at Microsoft.EntityFrameworkCore.Migrations.Internal.MigrationCommandExecutor.ExecuteNonQueryAsync(IEnumerable`1 migrationCommands, IRelationalConnection connection, CancellationToken cancellationToken)&#xD;
   at Microsoft.EntityFrameworkCore.Migrations.Internal.MigrationCommandExecutor.ExecuteNonQueryAsync(IEnumerable`1 migrationCommands, IRelationalConnection connection, CancellationToken cancellationToken)&#xD;
   at Microsoft.EntityFrameworkCore.Migrations.Internal.MigrationCommandExecutor.ExecuteNonQueryAsync(IEnumerable`1 migrationCommands, IRelationalConnection connection, CancellationToken cancellationToken)&#xD;
   at Microsoft.EntityFrameworkCore.Migrations.Internal.Migrator.MigrateAsync(String targetMigration, CancellationToken cancellationToken)&#xD;
   at Program.&lt;Main&gt;$(String[] args) in C:\Users\Admin\Desktop\Anteproyecto-Verify\src\backend\Api\Program.cs:line 54&#xD;
ClientConnectionId:4a56b77c-ac62-4dfb-8e72-7d26ec5f82f9&#xD;
Error Number:2714,State:6,Class:16&#xD;
Microsoft.Data.SqlClient.SqlException (0x80131904): There is already an object named 'Notificaciones' in the database.&#xD;
   at Microsoft.Data.SqlClient.SqlConnection.OnError(SqlException exception, Boolean breakConnection, Action`1 wrapCloseInAction)&#xD;
   at Microsoft.Data.SqlClient.SqlInternalConnection.OnError(SqlException exception, Boolean breakConnection, Action`1 wrapCloseInAction)&#xD;
   at Microsoft.Data.SqlClient.TdsParser.ThrowExceptionAndWarning(TdsParserStateObject stateObj, Boolean callerHasConnectionLock, Boolean asyncClose)&#xD;
   at Microsoft.Data.SqlClient.TdsParser.TryRun(RunBehavior runBehavior, SqlCommand cmdHandler, SqlDataReader dataStream, BulkCopySimpleResultSet bulkCopyHandler, TdsParserStateObject stateObj, Boolean&amp; dataReady)&#xD;
   at Microsoft.Data.SqlClient.SqlCommand.InternalEndExecuteNonQuery(IAsyncResult asyncResult, Boolean isInternal, String endMethod)&#xD;
   at Microsoft.Data.SqlClient.SqlCommand.EndExecuteNonQueryInternal(IAsyncResult asyncResult)&#xD;
   at Microsoft.Data.SqlClient.SqlCommand.EndExecuteNonQueryAsync(IAsyncResult asyncResult)&#xD;
   at Microsoft.Data.SqlClient.SqlCommand.&lt;&gt;c.&lt;InternalExecuteNonQueryAsync&gt;b__210_1(IAsyncResult result)&#xD;
   at System.Threading.Tasks.TaskFactory`1.FromAsyncCoreLogic(IAsyncResult iar, Func`2 endFunction, Action`1 endAction, Task`1 promise, Boolean requiresSynchronization)&#xD;
--- End of stack trace from previous location ---&#xD;
   at Microsoft.EntityFrameworkCore.Storage.RelationalCommand.ExecuteNonQueryAsync(RelationalCommandParameterObject parameterObject, CancellationToken cancellationToken)&#xD;
   at Microsoft.EntityFrameworkCore.Storage.RelationalCommand.ExecuteNonQueryAsync(RelationalCommandParameterObject parameterObject, CancellationToken cancellationToken)&#xD;
   at Microsoft.EntityFrameworkCore.Storage.RelationalCommand.ExecuteNonQueryAsync(RelationalCommandParameterObject parameterObject, CancellationToken cancellationToken)&#xD;
   at Microsoft.EntityFrameworkCore.Migrations.Internal.MigrationCommandExecutor.ExecuteNonQueryAsync(IEnumerable`1 migrationCommands, IRelationalConnection connection, CancellationToken cancellationToken)&#xD;
   at Microsoft.EntityFrameworkCore.Migrations.Internal.MigrationCommandExecutor.ExecuteNonQueryAsync(IEnumerable`1 migrationCommands, IRelationalConnection connection, CancellationToken cancellationToken)&#xD;
   at Microsoft.EntityFrameworkCore.Migrations.Internal.MigrationCommandExecutor.ExecuteNonQueryAsync(IEnumerable`1 migrationCommands, IRelationalConnection connection, CancellationToken cancellationToken)&#xD;
   at Microsoft.EntityFrameworkCore.Migrations.Internal.MigrationCommandExecutor.ExecuteNonQueryAsync(IEnumerable`1 migrationCommands, IRelationalConnection connection, CancellationToken cancellationToken)&#xD;
   at Microsoft.EntityFrameworkCore.Migrations.Internal.Migrator.MigrateAsync(String targetMigration, CancellationToken cancellationToken)&#xD;
   at Program.&lt;Main&gt;$(String[] args) in C:\Users\Admin\Desktop\Anteproyecto-Verify\src\backend\Api\Program.cs:line 54&#xD;
ClientConnectionId:58ab3795-63e8-4384-8eae-08a09cc0ce54&#xD;
Error Number:2714,State:6,Class:16&#xD;
[xUnit.net 00:00:04.35]       Microsoft.Data.SqlClient.SqlException : There is already an object named 'Notificaciones' in the database.&#xD;
[xUnit.net 00:00:04.35]       Stack Trace:&#xD;
[xUnit.net 00:00:04.35]            at Microsoft.Data.SqlClient.SqlConnection.OnError(SqlException exception, Boolean breakConnection, Action`1 wrapCloseInAction)&#xD;
[xUnit.net 00:00:04.35]            at Microsoft.Data.SqlClient.SqlInternalConnection.OnError(SqlException exception, Boolean breakConnection, Action`1 wrapCloseInAction)&#xD;
[xUnit.net 00:00:04.35]            at Microsoft.Data.SqlClient.TdsParser.ThrowExceptionAndWarning(TdsParserStateObject stateObj, Boolean callerHasConnectionLock, Boolean asyncClose)&#xD;
[xUnit.net 00:00:04.35]            at Microsoft.Data.SqlClient.TdsParser.TryRun(RunBehavior runBehavior, SqlCommand cmdHandler, SqlDataReader dataStream, BulkCopySimpleResultSet bulkCopyHandler, TdsParserStateObject stateObj, Boolean&amp; dataReady)&#xD;
[xUnit.net 00:00:04.35]            at Microsoft.Data.SqlClient.SqlCommand.InternalEndExecuteNonQuery(IAsyncResult asyncResult, Boolean isInternal, String endMethod)&#xD;
[xUnit.net 00:00:04.35]            at Microsoft.Data.SqlClient.SqlCommand.EndExecuteNonQueryInternal(IAsyncResult asyncResult)&#xD;
[xUnit.net 00:00:04.35]            at Microsoft.Data.SqlClient.SqlCommand.EndExecuteNonQueryAsync(IAsyncResult asyncResult)&#xD;
[xUnit.net 00:00:04.35]            at Microsoft.Data.SqlClient.SqlCommand.&lt;&gt;c.&lt;InternalExecuteNonQueryAsync&gt;b__210_1(IAsyncResult result)&#xD;
[xUnit.net 00:00:04.35]            at System.Threading.Tasks.TaskFactory`1.FromAsyncCoreLogic(IAsyncResult iar, Func`2 endFunction, Action`1 endAction, Task`1 promise, Boolean requiresSynchronization)&#xD;
[xUnit.net 00:00:04.35]         --- End of stack trace from previous location ---&#xD;
[xUnit.net 00:00:04.35]            at Microsoft.EntityFrameworkCore.Storage.RelationalCommand.ExecuteNonQueryAsync(RelationalCommandParameterObject parameterObject, CancellationToken cancellationToken)&#xD;
[xUnit.net 00:00:04.35]            at Microsoft.EntityFrameworkCore.Storage.RelationalCommand.ExecuteNonQueryAsync(RelationalCommandParameterObject parameterObject, CancellationToken cancellationToken)&#xD;
[xUnit.net 00:00:04.35]            at Microsoft.EntityFrameworkCore.Storage.RelationalCommand.ExecuteNonQueryAsync(RelationalCommandParameterObject parameterObject, CancellationToken cancellationToken)&#xD;
[xUnit.net 00:00:04.35]            at Microsoft.EntityFrameworkCore.Migrations.Internal.MigrationCommandExecutor.ExecuteNonQueryAsync(IEnumerable`1 migrationCommands, IRelationalConnection connection, CancellationToken cancellationToken)&#xD;
[xUnit.net 00:00:04.35]            at Microsoft.EntityFrameworkCore.Migrations.Internal.MigrationCommandExecutor.ExecuteNonQueryAsync(IEnumerable`1 migrationCommands, IRelationalConnection connection, CancellationToken cancellationToken)&#xD;
[xUnit.net 00:00:04.35]            at Microsoft.EntityFrameworkCore.Migrations.Internal.MigrationCommandExecutor.ExecuteNonQueryAsync(IEnumerable`1 migrationCommands, IRelationalConnection connection, CancellationToken cancellationToken)&#xD;
[xUnit.net 00:00:04.35]            at Microsoft.EntityFrameworkCore.Migrations.Internal.MigrationCommandExecutor.ExecuteNonQueryAsync(IEnumerable`1 migrationCommands, IRelationalConnection connection, CancellationToken cancellationToken)&#xD;
[xUnit.net 00:00:04.35]            at Microsoft.EntityFrameworkCore.Migrations.Internal.Migrator.MigrateAsync(String targetMigration, CancellationToken cancellationToken)&#xD;
[xUnit.net 00:00:04.35]         C:\Users\Admin\Desktop\Anteproyecto-Verify\src\backend\Api\Program.cs(54,0): at Program.&lt;Main&gt;$(String[] args)&#xD;
[xUnit.net 00:00:04.35]            at Program.&lt;Main&gt;(String[] args)&#xD;
[xUnit.net 00:00:04.35]            at InvokeStub_Program.&lt;Main&gt;(Object, Span`1)&#xD;
[xUnit.net 00:00:04.35]            at System.Reflection.MethodBaseInvoker.InvokeWithOneArg(Object obj, BindingFlags invokeAttr, Binder binder, Object[] parameters, CultureInfo culture)&#xD;
[xUnit.net 00:00:04.35]         --- End of stack trace from previous location ---&#xD;
[xUnit.net 00:00:04.35]            at Microsoft.AspNetCore.Mvc.Testing.DeferredHostBuilder.DeferredHost.StartAsync(CancellationToken cancellationToken)&#xD;
[xUnit.net 00:00:04.35]            at Microsoft.Extensions.Hosting.HostingAbstractionsHostExtensions.Start(IHost host)&#xD;
[xUnit.net 00:00:04.35]            at Microsoft.AspNetCore.Mvc.Testing.WebApplicationFactory`1.CreateHost(IHostBuilder builder)&#xD;
[xUnit.net 00:00:04.35]            at Microsoft.AspNetCore.Mvc.Testing.WebApplicationFactory`1.ConfigureHostBuilder(IHostBuilder hostBuilder)&#xD;
[xUnit.net 00:00:04.35]            at Microsoft.AspNetCore.Mvc.Testing.WebApplicationFactory`1.EnsureServer()&#xD;
[xUnit.net 00:00:04.35]            at Microsoft.AspNetCore.Mvc.Testing.WebApplicationFactory`1.CreateDefaultClient(DelegatingHandler[] handlers)&#xD;
[xUnit.net 00:00:04.35]            at Microsoft.AspNetCore.Mvc.Testing.WebApplicationFactory`1.CreateDefaultClient(Uri baseAddress, DelegatingHandler[] handlers)&#xD;
[xUnit.net 00:00:04.35]            at Microsoft.AspNetCore.Mvc.Testing.WebApplicationFactory`1.CreateClient(WebApplicationFactoryClientOptions options)&#xD;
[xUnit.net 00:00:04.35]            at Microsoft.AspNetCore.Mvc.Testing.WebApplicationFactory`1.CreateClient()&#xD;
[xUnit.net 00:00:04.35]         C:\Users\Admin\Desktop\Anteproyecto-Verify\src\backend\Api.Tests\ApiStatusTests.cs(20,0): at Api.Tests.ApiStatusTests.Get_ApiStatus_ReturnsSuccessStatusCode()&#xD;
[xUnit.net 00:00:04.35]         --- End of stack trace from previous location ---&#xD;
[xUnit.net 00:00:04.35]       Microsoft.Data.SqlClient.SqlException : There is already an object named 'Notificaciones' in the database.&#xD;
[xUnit.net 00:00:04.35]       Stack Trace:&#xD;
[xUnit.net 00:00:04.35]            at Microsoft.Data.SqlClient.SqlConnection.OnError(SqlException exception, Boolean breakConnection, Action`1 wrapCloseInAction)&#xD;
[xUnit.net 00:00:04.35]            at Microsoft.Data.SqlClient.SqlInternalConnection.OnError(SqlException exception, Boolean breakConnection, Action`1 wrapCloseInAction)&#xD;
[xUnit.net 00:00:04.35]            at Microsoft.Data.SqlClient.TdsParser.ThrowExceptionAndWarning(TdsParserStateObject stateObj, Boolean callerHasConnectionLock, Boolean asyncClose)&#xD;
[xUnit.net 00:00:04.35]            at Microsoft.Data.SqlClient.TdsParser.TryRun(RunBehavior runBehavior, SqlCommand cmdHandler, SqlDataReader dataStream, BulkCopySimpleResultSet bulkCopyHandler, TdsParserStateObject stateObj, Boolean&amp; dataReady)&#xD;
[xUnit.net 00:00:04.35]            at Microsoft.Data.SqlClient.SqlCommand.InternalEndExecuteNonQuery(IAsyncResult asyncResult, Boolean isInternal, String endMethod)&#xD;
[xUnit.net 00:00:04.35]            at Microsoft.Data.SqlClient.SqlCommand.EndExecuteNonQueryInternal(IAsyncResult asyncResult)&#xD;
[xUnit.net 00:00:04.35]            at Microsoft.Data.SqlClient.SqlCommand.EndExecuteNonQueryAsync(IAsyncResult asyncResult)&#xD;
[xUnit.net 00:00:04.35]            at Microsoft.Data.SqlClient.SqlCommand.&lt;&gt;c.&lt;InternalExecuteNonQueryAsync&gt;b__210_1(IAsyncResult result)&#xD;
[xUnit.net 00:00:04.35]            at System.Threading.Tasks.TaskFactory`1.FromAsyncCoreLogic(IAsyncResult iar, Func`2 endFunction, Action`1 endAction, Task`1 promise, Boolean requiresSynchronization)&#xD;
[xUnit.net 00:00:04.35]         --- End of stack trace from previous location ---&#xD;
[xUnit.net 00:00:04.35]            at Microsoft.EntityFrameworkCore.Storage.RelationalCommand.ExecuteNonQueryAsync(RelationalCommandParameterObject parameterObject, CancellationToken cancellationToken)&#xD;
[xUnit.net 00:00:04.35]            at Microsoft.EntityFrameworkCore.Storage.RelationalCommand.ExecuteNonQueryAsync(RelationalCommandParameterObject parameterObject, CancellationToken cancellationToken)&#xD;
[xUnit.net 00:00:04.35]            at Microsoft.EntityFrameworkCore.Storage.RelationalCommand.ExecuteNonQueryAsync(RelationalCommandParameterObject parameterObject, CancellationToken cancellationToken)&#xD;
[xUnit.net 00:00:04.35]            at Microsoft.EntityFrameworkCore.Migrations.Internal.MigrationCommandExecutor.ExecuteNonQueryAsync(IEnumerable`1 migrationCommands, IRelationalConnection connection, CancellationToken cancellationToken)&#xD;
[xUnit.net 00:00:04.35]            at Microsoft.EntityFrameworkCore.Migrations.Internal.MigrationCommandExecutor.ExecuteNonQueryAsync(IEnumerable`1 migrationCommands, IRelationalConnection connection, CancellationToken cancellationToken)&#xD;
[xUnit.net 00:00:04.35]            at Microsoft.EntityFrameworkCore.Migrations.Internal.MigrationCommandExecutor.ExecuteNonQueryAsync(IEnumerable`1 migrationCommands, IRelationalConnection connection, CancellationToken cancellationToken)&#xD;
[xUnit.net 00:00:04.35]            at Microsoft.EntityFrameworkCore.Migrations.Internal.MigrationCommandExecutor.ExecuteNonQueryAsync(IEnumerable`1 migrationCommands, IRelationalConnection connection, CancellationToken cancellationToken)&#xD;
[xUnit.net 00:00:04.35]            at Microsoft.EntityFrameworkCore.Migrations.Internal.Migrator.MigrateAsync(String targetMigration, CancellationToken cancellationToken)&#xD;
[xUnit.net 00:00:04.35]         C:\Users\Admin\Desktop\Anteproyecto-Verify\src\backend\Api\Program.cs(54,0): at Program.&lt;Main&gt;$(String[] args)&#xD;
[xUnit.net 00:00:04.35]            at Program.&lt;Main&gt;(String[] args)&#xD;
[xUnit.net 00:00:04.35]            at System.RuntimeMethodHandle.InvokeMethod(Object target, Void** arguments, Signature sig, Boolean isConstructor)&#xD;
[xUnit.net 00:00:04.35]            at System.Reflection.MethodBaseInvoker.InvokeDirectByRefWithFewArgs(Object obj, Span`1 copyOfArgs, BindingFlags invokeAttr)&#xD;
[xUnit.net 00:00:04.35]         --- End of stack trace from previous location ---&#xD;
[xUnit.net 00:00:04.35]            at Microsoft.AspNetCore.Mvc.Testing.DeferredHostBuilder.DeferredHost.StartAsync(CancellationToken cancellationToken)&#xD;
[xUnit.net 00:00:04.35]            at Microsoft.Extensions.Hosting.HostingAbstractionsHostExtensions.Start(IHost host)&#xD;
[xUnit.net 00:00:04.35]            at Microsoft.AspNetCore.Mvc.Testing.WebApplicationFactory`1.CreateHost(IHostBuilder builder)&#xD;
[xUnit.net 00:00:04.35]            at Microsoft.AspNetCore.Mvc.Testing.WebApplicationFactory`1.ConfigureHostBuilder(IHostBuilder hostBuilder)&#xD;
[xUnit.net 00:00:04.35]            at Microsoft.AspNetCore.Mvc.Testing.WebApplicationFactory`1.EnsureServer()&#xD;
[xUnit.net 00:00:04.35]            at Microsoft.AspNetCore.Mvc.Testing.WebApplicationFactory`1.CreateDefaultClient(DelegatingHandler[] handlers)&#xD;
[xUnit.net 00:00:04.35]            at Microsoft.AspNetCore.Mvc.Testing.WebApplicationFactory`1.CreateDefaultClient(Uri baseAddress, DelegatingHandler[] handlers)&#xD;
[xUnit.net 00:00:04.35]            at Microsoft.AspNetCore.Mvc.Testing.WebApplicationFactory`1.CreateClient(WebApplicationFactoryClientOptions options)&#xD;
[xUnit.net 00:00:04.35]            at Microsoft.AspNetCore.Mvc.Testing.WebApplicationFactory`1.CreateClient()&#xD;
[xUnit.net 00:00:04.35]         C:\Users\Admin\Desktop\Anteproyecto-Verify\src\backend\Api.Tests\SwaggerTests.cs(20,0): at Api.Tests.SwaggerTests.Get_SwaggerIndex_ReturnsSuccessStatusCode()&#xD;
[xUnit.net 00:00:04.35]         --- End of stack trace from previous location ---&#xD;
[xUnit.net 00:00:04.35]   Finished:    Api.Tests&#xD;
</StdOut>
    </Output>
    <RunInfos>
      <RunInfo computerName="ALVAGONZ" outcome="Error" timestamp="2026-06-25T09:13:39.9188773-04:00">
        <Text>[xUnit.net 00:00:02.42]     Api.Tests.ResendEmailServiceTests.SendDocumentStatusUpdateAsync_Rejected_UsesCorrectTemplate [FAIL]</Text>
      </RunInfo>
      <RunInfo computerName="ALVAGONZ" outcome="Error" timestamp="2026-06-25T09:13:39.9192244-04:00">
        <Text>[xUnit.net 00:00:02.42]     Api.Tests.ResendEmailServiceTests.SendDocumentStatusUpdateAsync_Approved_UsesCorrectTemplate [FAIL]</Text>
      </RunInfo>
      <RunInfo computerName="ALVAGONZ" outcome="Error" timestamp="2026-06-25T09:13:41.8212772-04:00">
        <Text>[xUnit.net 00:00:04.35]     Api.Tests.ApiStatusTests.Get_ApiStatus_ReturnsSuccessStatusCode [FAIL]</Text>
      </RunInfo>
      <RunInfo computerName="ALVAGONZ" outcome="Error" timestamp="2026-06-25T09:13:41.8246800-04:00">
        <Text>[xUnit.net 00:00:04.35]     Api.Tests.SwaggerTests.Get_SwaggerIndex_ReturnsSuccessStatusCode [FAIL]</Text>
      </RunInfo>
    </RunInfos>
  </ResultSummary>
</TestRun>